// Vitest Snapshot v1, https://vitest.dev/guide/snapshot.html

exports[`TodoForm > Should match the snapshot 1`] = `"<div><label for=\\"todo\\">Todo</label><input type=\\"text\\" id=\\"todo\\"><button>Add</button></div>"`;
